(-100 -85 -81 -63 -61 -56 -46 -33 -31 -30 -23 -23 -4 20 24 36 48 76 95 98)
